// Jest Snapshot v1, https://goo.gl/fbAQLP

exports[`should render EditExpensePage 1`] = `
<Fragment>
  <header
    className="page-header"
  >
    <div
      className="content-container"
    >
      <h1
        className="page-header__title"
      >
        Edit Expense
      </h1>
    </div>
  </header>
  <div
    className="content-container"
  >
    <ExpenseForm
      expense={
        Object {
          "amount": 12000,
          "createdAt": 345600000,
          "description": "Creditcard",
          "id": "3",
          "note": "",
        }
      }
      onSubmit={[Function]}
    />
    <button
      className="button button--m button-remove"
      onClick={[Function]}
    >
      Remove Expense
    </button>
  </div>
</Fragment>
`;
